running develop
running egg_info
creating diff_drive_fusion.egg-info
writing diff_drive_fusion.egg-info/PKG-INFO
writing dependency_links to diff_drive_fusion.egg-info/dependency_links.txt
writing entry points to diff_drive_fusion.egg-info/entry_points.txt
writing requirements to diff_drive_fusion.egg-info/requires.txt
writing top-level names to diff_drive_fusion.egg-info/top_level.txt
writing manifest file 'diff_drive_fusion.egg-info/SOURCES.txt'
reading manifest file 'diff_drive_fusion.egg-info/SOURCES.txt'
writing manifest file 'diff_drive_fusion.egg-info/SOURCES.txt'
running build_ext
Creating /home/marlboro/ws_diff_drive/install/diff_drive_fusion/lib/python3.10/site-packages/diff-drive-fusion.egg-link (link to .)
Installing fusion_node script to /home/marlboro/ws_diff_drive/install/diff_drive_fusion/lib/diff_drive_fusion

Installed /home/marlboro/ws_diff_drive/build/diff_drive_fusion
running symlink_data
creating /home/marlboro/ws_diff_drive/install/diff_drive_fusion/share/ament_index
creating /home/marlboro/ws_diff_drive/install/diff_drive_fusion/share/ament_index/resource_index
creating /home/marlboro/ws_diff_drive/install/diff_drive_fusion/share/ament_index/resource_index/packages
symbolically linking /home/marlboro/ws_diff_drive/build/diff_drive_fusion/resource/diff_drive_fusion -> /home/marlboro/ws_diff_drive/install/diff_drive_fusion/share/ament_index/resource_index/packages
symbolically linking /home/marlboro/ws_diff_drive/build/diff_drive_fusion/package.xml -> /home/marlboro/ws_diff_drive/install/diff_drive_fusion/share/diff_drive_fusion
creating /home/marlboro/ws_diff_drive/install/diff_drive_fusion/share/diff_drive_fusion/launch
symbolically linking /home/marlboro/ws_diff_drive/build/diff_drive_fusion/launch/lidar_slam.launch.py -> /home/marlboro/ws_diff_drive/install/diff_drive_fusion/share/diff_drive_fusion/launch
creating /home/marlboro/ws_diff_drive/install/diff_drive_fusion/share/diff_drive_fusion/config
symbolically linking /home/marlboro/ws_diff_drive/build/diff_drive_fusion/config/slam_toolbox.yaml -> /home/marlboro/ws_diff_drive/install/diff_drive_fusion/share/diff_drive_fusion/config
